// Jest Snapshot v1, https://goo.gl/fbAQLP

exports[`Test Header Component expect to render Header correctly 1`] = `
<div
  className="Header tc"
>
  <h1>
    ESTIMATOR
  </h1>
</div>
`;
